{"level":"ERROR","location":"[get_call:174] fyersModel","message":{"API":"/history","Error":{"code":-300,"message":"Invalid symbol provided","s":"error"}},"timestamp":"2026-09-15 13:25:44,356+0530","service":"FyersAPI"}
{"level":"ERROR","location":"[get_call:174] fyersModel","message":{"API":"/history","Error":{"code":-300,"message":"Invalid symbol provided","s":"error"}},"timestamp":"2026-09-15 17:34:30,995+0530","service":"FyersAPI"}
{"level":"ERROR","location":"[get_call:174] fyersModel","message":{"API":"/history","Error":{"code":-300,"message":"Invalid symbol provided","s":"error"}},"timestamp":"2026-09-15 17:34:31,095+0530","service":"FyersAPI"}
{"level":"ERROR","location":"[get_call:174] fyersModel","message":{"API":"/history","Error":{"code":-300,"message":"Invalid symbol provided","s":"error"}},"timestamp":"2026-09-15 17:34:31,203+0530","service":"FyersAPI"}
{"level":"ERROR","location":"[get_call:174] fyersModel","message":{"API":"/history","Error":{"code":-300,"message":"Invalid symbol provided","s":"error"}},"timestamp":"2026-09-15 17:34:31,316+0530","service":"FyersAPI"}
{"level":"ERROR","location":"[get_call:174] fyersModel","message":{"API":"/history","Error":{"code":-300,"message":"Invalid symbol provided","s":"error"}},"timestamp":"2026-09-15 17:34:31,413+0530","service":"FyersAPI"}
{"level":"ERROR","location":"[get_call:174] fyersModel","message":{"API":"/history","Error":{"code":-300,"message":"Invalid symbol provided","s":"error"}},"timestamp":"2026-09-15 17:34:31,570+0530","service":"FyersAPI"}
{"level":"ERROR","location":"[get_call:174] fyersModel","message":{"API":"/history","Error":{"code":-16,"message":"Could not authenticate the user","s":"error"}},"timestamp":"2026-09-16 10:17:03,685+0530","service":"FyersAPI"}
{"level":"ERROR","location":"[get_call:174] fyersModel","message":{"API":"/history","Error":{"code":-16,"message":"Could not authenticate the user","s":"error"}},"timestamp":"2026-09-17 10:49:00,769+0530","service":"FyersAPI"}
{"level":"ERROR","location":"[get_call:174] fyersModel","message":{"API":"/history","Error":{"code":-16,"message":"Could not authenticate the user","s":"error"}},"timestamp":"2026-09-17 10:49:01,095+0530","service":"FyersAPI"}
{"level":"ERROR","location":"[get_call:174] fyersModel","message":{"API":"/history","Error":{"code":-16,"message":"Could not authenticate the user","s":"error"}},"timestamp":"2026-09-17 10:49:01,388+0530","service":"FyersAPI"}
{"level":"ERROR","location":"[get_call:174] fyersModel","message":{"API":"/history","Error":{"code":-16,"message":"Could not authenticate the user","s":"error"}},"timestamp":"2026-09-17 10:49:01,655+0530","service":"FyersAPI"}
{"level":"ERROR","location":"[get_call:174] fyersModel","message":{"API":"/history","Error":{"code":-16,"message":"Could not authenticate the user","s":"error"}},"timestamp":"2026-09-17 10:49:10,651+0530","service":"FyersAPI"}
{"level":"ERROR","location":"[get_call:192] fyersModel","message":{"API":"/history","error":"('Connection aborted.', RemoteDisconnected('Remote end closed connection without response'))"},"timestamp":"2026-09-17 14:11:52,653+0530","service":"FyersAPI"}
{"level":"ERROR","location":"[get_call:192] fyersModel","message":{"API":"/history","error":"('Connection aborted.', RemoteDisconnected('Remote end closed connection without response'))"},"timestamp":"2026-09-17 14:12:48,331+0530","service":"FyersAPI"}
{"level":"ERROR","location":"[get_call:174] fyersModel","message":{"API":"/history","Error":{"code":-300,"message":"Invalid symbol provided","s":"error"}},"timestamp":"2026-09-22 11:47:58,108+0530","service":"FyersAPI"}
{"level":"ERROR","location":"[get_call:174] fyersModel","message":{"API":"/history","Error":{"code":-300,"message":"Invalid symbol provided","s":"error"}},"timestamp":"2026-09-22 15:20:18,461+0530","service":"FyersAPI"}
{"level":"ERROR","location":"[get_call:174] fyersModel","message":{"API":"/history","Error":{"code":-300,"message":"Invalid symbol provided","s":"error"}},"timestamp":"2026-09-22 15:31:34,761+0530","service":"FyersAPI"}
{"level":"ERROR","location":"[get_call:174] fyersModel","message":{"API":"/history","Error":{"code":-300,"message":"Invalid symbol provided","s":"error"}},"timestamp":"2026-09-22 15:38:32,149+0530","service":"FyersAPI"}
{"level":"ERROR","location":"[get_call:174] fyersModel","message":{"API":"/history","Error":{"code":-300,"message":"Invalid symbol provided","s":"error"}},"timestamp":"2026-09-22 16:52:47,586+0530","service":"FyersAPI"}
{"level":"ERROR","location":"[get_call:174] fyersModel","message":{"API":"/history","Error":{"code":-300,"message":"Invalid symbol provided","s":"error"}},"timestamp":"2026-09-22 17:23:16,414+0530","service":"FyersAPI"}
{"level":"ERROR","location":"[get_call:174] fyersModel","message":{"API":"/history","Error":{"code":-16,"message":"Could not authenticate the user","s":"error"}},"timestamp":"2026-09-23 09:35:36,589+0530","service":"FyersAPI"}
{"level":"ERROR","location":"[get_call:174] fyersModel","message":{"API":"/history","Error":{"code":-16,"message":"Could not authenticate the user","s":"error"}},"timestamp":"2026-09-23 09:35:37,000+0530","service":"FyersAPI"}
{"level":"ERROR","location":"[get_call:174] fyersModel","message":{"API":"/history","Error":{"code":-16,"message":"Could not authenticate the user","s":"error"}},"timestamp":"2026-09-23 09:35:37,283+0530","service":"FyersAPI"}
{"level":"ERROR","location":"[get_call:174] fyersModel","message":{"API":"/history","Error":{"code":-16,"message":"Could not authenticate the user","s":"error"}},"timestamp":"2026-09-23 09:35:37,663+0530","service":"FyersAPI"}
{"level":"ERROR","location":"[get_call:174] fyersModel","message":{"API":"/history","Error":{"code":-16,"message":"Could not authenticate the user","s":"error"}},"timestamp":"2026-09-23 09:35:37,884+0530","service":"FyersAPI"}
{"level":"ERROR","location":"[get_call:174] fyersModel","message":{"API":"/history","Error":{"code":-16,"message":"Could not authenticate the user","s":"error"}},"timestamp":"2026-09-23 09:35:39,435+0530","service":"FyersAPI"}
{"level":"ERROR","location":"[get_call:174] fyersModel","message":{"API":"/history","Error":{"code":-300,"message":"Invalid symbol provided","s":"error"}},"timestamp":"2026-09-23 09:37:06,011+0530","service":"FyersAPI"}
{"level":"ERROR","location":"[get_call:192] fyersModel","message":{"API":"/history","error":"HTTPSConnectionPool(host='api-t1.fyers.in', port=443): Max retries exceeded with url: /data/history?symbol=MCX%3ACRUDEOILM26OCTFUT&resolution=30&date_format=1&range_from=2026-09-22&range_to=2026-09-23&cont_flag=1 (Caused by NameResolutionError(\"HTTPSConnection(host='api-t1.fyers.in', port=443): Failed to resolve 'api-t1.fyers.in' ([Errno 8] nodename nor servname provided, or not known)\"))"},"timestamp":"2026-09-23 11:02:37,480+0530","service":"FyersAPI"}
{"level":"ERROR","location":"[get_call:192] fyersModel","message":{"API":"/history","error":"HTTPSConnectionPool(host='api-t1.fyers.in', port=443): Max retries exceeded with url: /data/history?symbol=MCX%3ACRUDEOILM26OCTFUT&resolution=30&date_format=1&range_from=2026-09-22&range_to=2026-09-23&cont_flag=1 (Caused by NameResolutionError(\"HTTPSConnection(host='api-t1.fyers.in', port=443): Failed to resolve 'api-t1.fyers.in' ([Errno 8] nodename nor servname provided, or not known)\"))"},"timestamp":"2026-09-23 11:02:39,909+0530","service":"FyersAPI"}
{"level":"ERROR","location":"[get_call:192] fyersModel","message":{"API":"/history","error":"HTTPSConnectionPool(host='api-t1.fyers.in', port=443): Max retries exceeded with url: /data/history?symbol=MCX%3ACRUDEOILM26OCT9000PE&resolution=30&date_format=1&range_from=2026-09-22&range_to=2026-09-22&cont_flag=1 (Caused by SSLError(SSLEOFError(8, '[SSL: UNEXPECTED_EOF_WHILE_READING] EOF occurred in violation of protocol (_ssl.c:1082)')))"},"timestamp":"2026-09-23 12:16:22,165+0530","service":"FyersAPI"}
{"level":"ERROR","location":"[get_call:174] fyersModel","message":{"API":"/history","Error":{"code":-300,"message":"Invalid symbol provided","s":"error"}},"timestamp":"2026-09-23 19:18:15,043+0530","service":"FyersAPI"}
{"level":"ERROR","location":"[get_call:174] fyersModel","message":{"API":"/history","Error":{"code":-300,"message":"Invalid symbol provided","s":"error"}},"timestamp":"2026-09-23 20:24:04,011+0530","service":"FyersAPI"}
{"level":"ERROR","location":"[get_call:174] fyersModel","message":{"API":"/history","Error":{"code":-300,"message":"Invalid symbol provided","s":"error"}},"timestamp":"2026-09-24 10:05:10,312+0530","service":"FyersAPI"}
{"level":"ERROR","location":"[get_call:192] fyersModel","message":{"API":"/history","error":"('Connection aborted.', ConnectionResetError(54, 'Connection reset by peer'))"},"timestamp":"2026-09-24 10:13:55,381+0530","service":"FyersAPI"}
{"level":"ERROR","location":"[get_call:174] fyersModel","message":{"API":"/history","Error":{"code":-300,"message":"Invalid symbol provided","s":"error"}},"timestamp":"2026-09-24 10:19:08,915+0530","service":"FyersAPI"}
{"level":"ERROR","location":"[get_call:174] fyersModel","message":{"API":"/history","Error":{"code":-300,"message":"Invalid symbol provided","s":"error"}},"timestamp":"2026-09-24 10:26:56,140+0530","service":"FyersAPI"}
{"level":"ERROR","location":"[get_call:174] fyersModel","message":{"API":"/history","Error":{"code":-300,"message":"Invalid symbol provided","s":"error"}},"timestamp":"2026-09-24 12:31:00,146+0530","service":"FyersAPI"}
{"level":"ERROR","location":"[get_call:174] fyersModel","message":{"API":"/history","Error":{"code":-300,"message":"Invalid symbol provided","s":"error"}},"timestamp":"2026-09-24 13:54:11,024+0530","service":"FyersAPI"}
{"level":"ERROR","location":"[get_call:174] fyersModel","message":{"API":"/history","Error":{"code":-300,"message":"Invalid symbol provided","s":"error"}},"timestamp":"2026-09-24 14:11:38,821+0530","service":"FyersAPI"}
